// Jest Snapshot v1, https://goo.gl/fbAQLP

exports[`ThemeProvider renders 1`] = `
<ThemeProvider
  theme={Object {}}
>
  <div />
</ThemeProvider>
`;
